// Jest Snapshot v1, https://goo.gl/fbAQLP

exports[`Link changes the class when hovered 1`] = `
<div
  className="App"
>
  <h1>
    Hello World!
  </h1>
  <div
    style={
      Object {
        "border": "2px solid red",
        "marginBottom": 5,
      }
    }
  >
    <h3>
      React.Component component
    </h3>
    <div>
      Counter Value: 
      0
       
    </div>
    <span>
      Component rendered 
      1
       times
    </span>
  </div>
  <div
    style={
      Object {
        "border": "2px solid green",
      }
    }
  >
    <h3>
      React.Pure component
    </h3>
    <div>
      Counter Value: 
      0
       
    </div>
    <span>
      Component rendered 
      1
       times
    </span>
  </div>
</div>
`;
